// Jest Snapshot v1, https://goo.gl/fbAQLP

exports[`Test Button number Should create snapshot correctly 1`] = `
<DocumentFragment>
  <button
    class="button"
    type="button"
  />
</DocumentFragment>
`;
